[14:35:54.972] [INFO] storybook v10.4.2
[14:35:55.246] [DEBUG] Command "yarn.cmd" not found, trying next variation...
[14:35:55.329] [DEBUG] Command "yarn.exe" not found, trying next variation...
[14:35:55.409] [DEBUG] Command "yarn.ps1" not found, trying next variation...
[14:35:55.575] [DEBUG] Command "pnpm.cmd" not found, trying next variation...
[14:35:55.659] [DEBUG] Command "pnpm.exe" not found, trying next variation...
[14:35:55.752] [DEBUG] Command "pnpm.ps1" not found, trying next variation...
[14:35:56.281] [DEBUG] Getting package.json info for C:/Users/navjo/leduc-receipt-pro/package.json...
[14:35:56.285] [WARN] You are currently using Storybook [1m10.4.2[22m but you have packages which are incompatible with it:

- @storybook/addon-essentials@8.6.14 which depends on 8.6.14
 Repo: https://github.com/storybookjs/storybook/tree/next/code/addons/essentials
- @storybook/addon-interactions@8.6.14 which depends on 8.6.14
 Repo: https://github.com/storybookjs/storybook/tree/next/code/addons/interactions

Please consider updating your packages or contacting the maintainers for compatibility details.

For more details on compatibility guidance, see:
https://github.com/storybookjs/storybook/issues/32836
[14:35:58.948] [DEBUG] Looks like multiple favicons were detected. Using the first one.

C:/Users/navjo/leduc-receipt-pro/public/favicon.svg, C:/Users/navjo/leduc-receipt-pro/public/favicon.ico
[14:35:58.950] [DEBUG] Serving static files from [36mpublic[39m at [36m/[39m
[14:35:58.955] [INFO] Starting...
[14:35:58.971] [DEBUG] Looks like multiple favicons were detected. Using the first one.

C:/Users/navjo/leduc-receipt-pro/public/favicon.svg, C:/Users/navjo/leduc-receipt-pro/public/favicon.ico
[14:35:59.850] [ERROR] [38;2;241;97;97mSB_CORE-SERVER_0004 (NoMatchingExportError): There was an exports mismatch error when trying to build Storybook.
Please check whether the versions of your Storybook packages match whenever possible, as this might be the cause.

Problematic example:
{ "@storybook/react": "7.5.3", "@storybook/react-vite": "7.4.5", "storybook": "7.3.0" }

Correct example:
{ "@storybook/react": "7.5.3", "@storybook/react-vite": "7.5.3", "storybook": "7.5.3" }

Please run `npx storybook doctor` for guidance on how to fix this issue.

More info: 
[39m
    at buildOrThrow (file:///C:/Users/navjo/leduc-receipt-pro/node_modules/storybook/dist/core-server/index.js:8210:9)
    at process.processTicksAndRejections (node:internal/process/task_queues:104:5)
    at async buildDevStandalone (file:///C:/Users/navjo/leduc-receipt-pro/node_modules/storybook/dist/core-server/index.js:19478:41)
    at async withTelemetry (file:///C:/Users/navjo/leduc-receipt-pro/node_modules/storybook/dist/_node-chunks/chunk-PU4IASEN.js:655:12)
    at async dev (file:///C:/Users/navjo/leduc-receipt-pro/node_modules/storybook/dist/bin/core.js:2735:3)
    at async _Command.<anonymous> (file:///C:/Users/navjo/leduc-receipt-pro/node_modules/storybook/dist/bin/core.js:2805:92)
[14:35:59.853] [WARN] Broken build, fix the error above.
You may need to refresh the browser.